// Jest Snapshot v1, https://goo.gl/fbAQLP

exports[`Should snapshot footer should render footer 1`] = `
ShallowWrapper {
  Symbol(enzyme.__root__): [Circular],
  Symbol(enzyme.__unrendered__): <Footer />,
  Symbol(enzyme.__renderer__): Object {
    "batchedUpdates": [Function],
    "checkPropTypes": [Function],
    "getNode": [Function],
    "render": [Function],
    "simulateError": [Function],
    "simulateEvent": [Function],
    "unmount": [Function],
  },
  Symbol(enzyme.__node__): Object {
    "instance": null,
    "key": undefined,
    "nodeType": "host",
    "props": Object {
      "children": <span>
        Footer
      </span>,
      "style": Object {
        "backgroundColor": "#607D8B",
        "boxShadow": "0 1px 1px 0 rgba(0, 0, 0, 0.12)",
        "boxSizing": "border-box",
        "color": "white",
        "font": "normal 18px sans-serif",
        "marginTop": "80px",
        "padding": "45px",
        "textAlign": "center",
        "width": "100%",
      },
    },
    "ref": null,
    "rendered": Object {
      "instance": null,
      "key": undefined,
      "nodeType": "host",
      "props": Object {
        "children": "Footer",
      },
      "ref": null,
      "rendered": "Footer",
      "type": "span",
    },
    "type": "div",
  },
  Symbol(enzyme.__nodes__): Array [
    Object {
      "instance": null,
      "key": undefined,
      "nodeType": "host",
      "props": Object {
        "children": <span>
          Footer
        </span>,
        "style": Object {
          "backgroundColor": "#607D8B",
          "boxShadow": "0 1px 1px 0 rgba(0, 0, 0, 0.12)",
          "boxSizing": "border-box",
          "color": "white",
          "font": "normal 18px sans-serif",
          "marginTop": "80px",
          "padding": "45px",
          "textAlign": "center",
          "width": "100%",
        },
      },
      "ref": null,
      "rendered": Object {
        "instance": null,
        "key": undefined,
        "nodeType": "host",
        "props": Object {
          "children": "Footer",
        },
        "ref": null,
        "rendered": "Footer",
        "type": "span",
      },
      "type": "div",
    },
  ],
  Symbol(enzyme.__options__): Object {
    "adapter": ReactSixteenAdapter {
      "options": Object {
        "enableComponentDidUpdateOnSetState": true,
        "legacyContextMode": "parent",
        "lifecycles": Object {
          "componentDidUpdate": Object {
            "onSetState": true,
          },
          "getChildContext": Object {
            "calledByRenderer": false,
          },
          "getDerivedStateFromError": true,
          "getDerivedStateFromProps": Object {
            "hasShouldComponentUpdateBug": false,
          },
          "getSnapshotBeforeUpdate": true,
          "setState": Object {
            "skipsComponentDidUpdateOnNullish": true,
          },
        },
      },
    },
  },
}
`;
